// Jest Snapshot v1, https://goo.gl/fbAQLP

exports[`App.tsx should render 1`] = `
<Router>
  <Home
    path="/"
  />
  <Redir
    path="/r/:shortURL"
  />
  <Component
    default={true}
  />
</Router>
`;
