// Jest Snapshot v1, https://goo.gl/fbAQLP

exports[`Layout.tsx should render 1`] = `
<Container>
  Test
</Container>
`;
